test tablespace                   ... ok          565 ms
parallel group (20 tests):  text int2 name oid pg_lsn char txid int4 varchar uuid boolean regproc int8 float4 money float8 bit enum numeric rangetypes
     boolean                      ... ok           93 ms
     char                         ... ok           87 ms
     name                         ... ok           54 ms
     varchar                      ... ok           89 ms
     text                         ... ok           42 ms
     int2                         ... ok           51 ms
     int4                         ... ok           88 ms
     int8                         ... ok          105 ms
     oid                          ... ok           58 ms
     float4                       ... ok          113 ms
     float8                       ... ok          132 ms
     bit                          ... ok          151 ms
     numeric                      ... ok          486 ms
     txid                         ... ok           87 ms
     uuid                         ... ok           89 ms
     enum                         ... ok          163 ms
     money                        ... ok          117 ms
     rangetypes                   ... ok          593 ms
     pg_lsn                       ... ok           77 ms
     regproc                      ... ok           98 ms
parallel group (20 tests):  lseg path circle time line timetz numerology tstypes macaddr macaddr8 inet xid point date interval strings polygon box timestamp timestamptz
     strings                      ... ok          240 ms
     numerology                   ... ok           77 ms
     point                        ... ok          106 ms
     lseg                         ... ok           27 ms
     line                         ... ok           46 ms
     box                          ... ok          418 ms
     path                         ... ok           35 ms
     polygon                      ... ok          338 ms
     circle                       ... ok           40 ms
     date                         ... ok          131 ms
     time                         ... ok           42 ms
     timetz                       ... ok           58 ms
     timestamp                    ... ok          427 ms
     timestamptz                  ... ok          484 ms
     interval                     ... ok          138 ms
     inet                         ... ok           97 ms
     macaddr                      ... ok           85 ms
     macaddr8                     ... ok           86 ms
     tstypes                      ... ok           74 ms
     xid                          ... ok          101 ms
parallel group (10 tests):  comments unicode misc_sanity expressions horology geometry type_sanity oidjoins regex opr_sanity
     geometry                     ... ok          125 ms
     horology                     ... ok          107 ms
     regex                        ... ok          434 ms
     oidjoins                     ... ok          219 ms
     type_sanity                  ... ok          161 ms
     opr_sanity                   ... ok          528 ms
     misc_sanity                  ... ok           49 ms
     comments                     ... ok           17 ms
     expressions                  ... ok           84 ms
     unicode                      ... ok           26 ms
test create_function_1            ... ok           25 ms
test create_type                  ... ok           57 ms
test create_table                 ... ok          758 ms
test create_function_2            ... ok           21 ms
parallel group (5 tests):  copyselect copydml insert_conflict copy insert
     copy                         ... ok          483 ms
     copyselect                   ... ok           43 ms
     copydml                      ... ok           52 ms
     insert                       ... ok          649 ms
     insert_conflict              ... ok          261 ms
parallel group (4 tests):  create_operator create_schema create_procedure create_misc
     create_misc                  ... ok          154 ms
     create_operator              ... ok           52 ms
     create_procedure             ... ok           83 ms
     create_schema                ... ok           70 ms
parallel group (5 tests):  index_including index_including_gist create_view create_index_spgist create_index
     create_index                 ... ok         1284 ms
     create_index_spgist          ... ok          720 ms
     create_view                  ... ok          512 ms
     index_including              ... ok          257 ms
     index_including_gist         ... ok          443 ms
parallel group (16 tests):  create_cast errors create_function_3 create_aggregate hash_func drop_if_exists roleattributes select typed_table create_am infinite_recurse constraints vacuum inherit updatable_views triggers
     create_aggregate             ... ok          106 ms
     create_function_3            ... ok           77 ms
     create_cast                  ... ok           61 ms
     constraints                  ... ok          327 ms
     triggers                     ... ok         1877 ms
     select                       ... ok          141 ms
     inherit                      ... ok         1043 ms
     typed_table                  ... ok          191 ms
     vacuum                       ... ok          506 ms
     drop_if_exists               ... ok          109 ms
     updatable_views              ... ok         1128 ms
     roleattributes               ... ok          117 ms
     create_am                    ... ok          200 ms
     hash_func                    ... ok          104 ms
     errors                       ... ok           67 ms
     infinite_recurse             ... ok          209 ms
test sanity_check                 ... ok          200 ms
parallel group (20 tests):  random select_having select_distinct_on delete namespace case select_implicit prepared_xacts select_into union select_distinct portals subselect transactions hash_index update arrays aggregates join btree_index
     select_into                  ... FAILED      253 ms
     select_distinct              ... FAILED      311 ms
     select_distinct_on           ... FAILED       91 ms
     select_implicit              ... FAILED      189 ms
     select_having                ... FAILED       89 ms
     subselect                    ... ok          441 ms
     union                        ... ok          307 ms
     case                         ... FAILED      145 ms
     join                         ... FAILED     1131 ms
     aggregates                   ... FAILED      972 ms
     transactions                 ... FAILED      491 ms
     random                       ... ok           83 ms
     portals                      ... ok          313 ms
     arrays                       ... FAILED      630 ms
     btree_index                  ... ok         2254 ms
     hash_index                   ... ok          555 ms
     update                       ... ok          626 ms
     delete                       ... ok          105 ms
     namespace                    ... ok          106 ms
     prepared_xacts               ... FAILED      188 ms
parallel group (20 tests):  init_privs drop_operator security_label lock tablesample object_address password collate replica_identity identity groupingsets matview generated spgist rowsecurity gin gist brin join_hash privileges
     brin                         ... ok         1991 ms
     gin                          ... ok         1276 ms
     gist                         ... ok         1651 ms
     spgist                       ... ok         1029 ms
     privileges                   ... ok         2361 ms
     init_privs                   ... ok           28 ms
     security_label               ... ok           75 ms
     collate                      ... FAILED      434 ms
     matview                      ... ok          727 ms
     lock                         ... ok          141 ms
     replica_identity             ... FAILED      551 ms
     rowsecurity                  ... FAILED     1226 ms
     object_address               ... ok          224 ms
     tablesample                  ... ok          149 ms
     groupingsets                 ... FAILED      694 ms
     drop_operator                ... ok           34 ms
     password                     ... ok          415 ms
     identity                     ... FAILED      610 ms
     generated                    ... FAILED      975 ms
     join_hash                    ... ok         2003 ms
parallel group (13 tests):  alter_operator async collate.icu.utf8 dbsize tidscan tsrf misc_functions sysviews tid misc incremental_sort alter_generic create_table_like
     create_table_like            ... ok          437 ms
     alter_generic                ... ok          226 ms
     alter_operator               ... ok           29 ms
     misc                         ... ok          191 ms
     async                        ... ok           29 ms
     dbsize                       ... ok           32 ms
     misc_functions               ... ok           92 ms
     sysviews                     ... ok           95 ms
     tsrf                         ... ok           91 ms
     tid                          ... ok           96 ms
     tidscan                      ... ok           58 ms
     collate.icu.utf8             ... ok           29 ms
     incremental_sort             ... ok          202 ms
parallel group (6 tests):  collate.linux.utf8 amutils psql_crosstab psql rules stats_ext
     rules                        ... ok          770 ms
     psql                         ... ok          405 ms
     psql_crosstab                ... ok           45 ms
     amutils                      ... ok           25 ms
     stats_ext                    ... ok         1564 ms
     collate.linux.utf8           ... ok           11 ms
test select_parallel              ... ok          991 ms
test write_parallel               ... ok           60 ms
parallel group (2 tests):  subscription publication
     publication                  ... ok          182 ms
     subscription                 ... ok           43 ms
parallel group (17 tests):  combocid portals_p2 advisory_lock xmlmap functional_deps tsdicts equivclass guc dependency select_views window tsearch indirect_toast cluster bitmapops foreign_data foreign_key
     select_views                 ... FAILED      257 ms
     portals_p2                   ... FAILED      104 ms
     foreign_key                  ... FAILED     2006 ms
     cluster                      ... FAILED      537 ms
     dependency                   ... FAILED      251 ms
     guc                          ... FAILED      232 ms
     bitmapops                    ... FAILED      550 ms
     combocid                     ... ok           98 ms
     tsearch                      ... ok          440 ms
     tsdicts                      ... ok          151 ms
     foreign_data                 ... ok         1001 ms
     window                       ... ok          429 ms
     xmlmap                       ... ok          136 ms
     functional_deps              ... ok          138 ms
     advisory_lock                ... ok          114 ms
     indirect_toast               ... ok          466 ms
     equivclass                   ... FAILED      210 ms
parallel group (6 tests):  jsonpath_encoding json_encoding jsonpath jsonb_jsonpath json jsonb
     json                         ... ok          309 ms
     jsonb                        ... ok          633 ms
     json_encoding                ... ok           34 ms
     jsonpath                     ... ok           82 ms
     jsonpath_encoding            ... ok           23 ms
     jsonb_jsonpath               ... ok          254 ms
parallel group (18 tests):  conversion prepare returning limit xml plancache copy2 temp largeobject polymorphism with rowtypes sequence rangefuncs truncate domain plpgsql alter_table
     plancache                    ... ok          260 ms
     limit                        ... ok          191 ms
     plpgsql                      ... ok         1730 ms
     copy2                        ... ok          340 ms
     temp                         ... ok          354 ms
     domain                       ... ok          510 ms
     rangefuncs                   ... ok          502 ms
     prepare                      ... ok          108 ms
     conversion                   ... ok           47 ms
     truncate                     ... ok          502 ms
     alter_table                  ... ok         2879 ms
     sequence                     ... ok          426 ms
     polymorphism                 ... ok          380 ms
     rowtypes                     ... ok          419 ms
     returning                    ... ok          153 ms
     largeobject                  ... ok          376 ms
     with                         ... ok          389 ms
     xml                          ... ok          248 ms
parallel group (9 tests):  hash_part explain reloptions partition_info partition_aggregate partition_prune partition_join indexing tuplesort
     partition_join               ... ok         1171 ms
     partition_prune              ... ok         1118 ms
     reloptions                   ... ok           92 ms
     hash_part                    ... ok           67 ms
     indexing                     ... ok         1236 ms
     partition_aggregate          ... ok          864 ms
     partition_info               ... ok          106 ms
     tuplesort                    ... ok         1260 ms
     explain                      ... ok           69 ms
test event_trigger                ... ok          216 ms
test fast_default                 ... ok          303 ms
test stats                        ... ok          636 ms
